AR gpio_core imp /DIST/it/sw/amd64/xilinx/13.1/ISE_DS/EDK/hw/XilinxProcessorIPLib/pcores/xps_gpio_v2_00_a/hdl/vhdl/gpio_core.vhd sub00/vhpl01 1343924684
EN gpio_core NULL /DIST/it/sw/amd64/xilinx/13.1/ISE_DS/EDK/hw/XilinxProcessorIPLib/pcores/xps_gpio_v2_00_a/hdl/vhdl/gpio_core.vhd sub00/vhpl00 1343924683
EN xps_gpio NULL /DIST/it/sw/amd64/xilinx/13.1/ISE_DS/EDK/hw/XilinxProcessorIPLib/pcores/xps_gpio_v2_00_a/hdl/vhdl/xps_gpio.vhd sub00/vhpl02 1343924685
AR xps_gpio imp /DIST/it/sw/amd64/xilinx/13.1/ISE_DS/EDK/hw/XilinxProcessorIPLib/pcores/xps_gpio_v2_00_a/hdl/vhdl/xps_gpio.vhd sub00/vhpl03 1343924686
