/DIST/home/peters/nadja_cam_repo/VFBC_old/System_tl.ngc 1353670072
/DIST/home/peters/nadja_cam_repo/VFBC_old/MB.ngc 1353667116
/DIST/home/peters/nadja_cam_repo/VFBC_old/microblaze_0_wrapper.ngc 1353667117
/DIST/home/peters/nadja_cam_repo/VFBC_old/mb_plb_wrapper.ngc 1353667116
/DIST/home/peters/nadja_cam_repo/VFBC_old/ilmb_wrapper.ngc 1353667116
/DIST/home/peters/nadja_cam_repo/VFBC_old/dlmb_wrapper.ngc 1353667116
/DIST/home/peters/nadja_cam_repo/VFBC_old/dlmb_cntlr_wrapper.ngc 1353667116
/DIST/home/peters/nadja_cam_repo/VFBC_old/ilmb_cntlr_wrapper.ngc 1353667117
/DIST/home/peters/nadja_cam_repo/VFBC_old/lmb_bram_wrapper.ngc 1353667116
/DIST/home/peters/nadja_cam_repo/VFBC_old/push_buttons_5bit_wrapper.ngc 1353667116
/DIST/home/peters/nadja_cam_repo/VFBC_old/ddr2_sdram_wrapper.ngc 1353667117
/DIST/home/peters/nadja_cam_repo/VFBC_old/xps_timer_0_wrapper.ngc 1353667116
/DIST/home/peters/nadja_cam_repo/VFBC_old/xps_bram_if_cntlr_0_wrapper.ngc 1353667116
/DIST/home/peters/nadja_cam_repo/VFBC_old/xps_bram_if_cntlr_0_block_wrapper.ngc 1353667116
/DIST/home/peters/nadja_cam_repo/VFBC_old/clock_generator_0_wrapper.ngc 1353667116
/DIST/home/peters/nadja_cam_repo/VFBC_old/mdm_0_wrapper.ngc 1353667116
/DIST/home/peters/nadja_cam_repo/VFBC_old/proc_sys_reset_0_wrapper.ngc 1353667116
/DIST/home/peters/nadja_cam_repo/VFBC_old/gpio_fifo_wrapper.ngc 1353667116
/DIST/home/peters/nadja_cam_repo/VFBC_old/xps_intc_0_wrapper.ngc 1353667116
/DIST/home/peters/nadja_cam_repo/VFBC_old/xps_fifo_cam_data_wrapper.ngc 1353667116
/DIST/home/peters/nadja_cam_repo/VFBC_old/xps_central_dma_0_wrapper.ngc 1353667116
/DIST/home/peters/nadja_cam_repo/VFBC_old/xps_epc_0_wrapper.ngc 1353667117
/DIST/home/peters/nadja_cam_repo/VFBC_old/xps_tft_0_wrapper.ngc 1353667116
OK
