EN microblaze NULL /DIST/home/peters/cam_repo/CPU_DDR_FIFO2_13_1/Microblaze/hdl/Microblaze.vhd sub00/vhpl10 1344007888
EN fifo_asynch_tl NULL /DIST/home/peters/cam_repo/FIFO/FIFO_ASYNCH/FIFO_asynch_tl.vhd sub00/vhpl08 1344007890
AR microblaze structure /DIST/home/peters/cam_repo/CPU_DDR_FIFO2_13_1/Microblaze/hdl/Microblaze.vhd sub00/vhpl11 1344007889
AR mikroblaze structure /DIST/home/peters/cam_repo/CPU_DDR_FIFO2_13_1/Mikroblaze/hdl/Mikroblaze.vhd sub00/vhpl01 1344002664
EN mikroblaze NULL /DIST/home/peters/cam_repo/CPU_DDR_FIFO2_13_1/Mikroblaze/hdl/Mikroblaze.vhd sub00/vhpl00 1344002663
EN fifo_two_clock_domains NULL /DIST/home/peters/cam_repo/FIFO/FIFO_ASYNCH/ipcore_dir/fifo_two_clock_domains.vhd sub00/vhpl04 1344007884
AR fifo_two_clock_domains fifo_two_clock_domains_a /DIST/home/peters/cam_repo/FIFO/FIFO_ASYNCH/ipcore_dir/fifo_two_clock_domains.vhd sub00/vhpl05 1344007885
AR cpu_ddr_fifo_tl behavioral /DIST/home/peters/cam_repo/CPU_DDR_FIFO2_13_1/CPU_DDR_FIFO_tl.vhd sub00/vhpl03 1344007893
AR edge_detector behavioral /DIST/home/peters/cam_repo/FIFO/FIFO/edge_detector.vhd sub00/vhpl07 1344007887
EN microblaze_top NULL /DIST/home/peters/cam_repo/CPU_DDR_FIFO2_13_1/Microblaze/Microblaze_top.vhd sub00/vhpl12 1344004776
EN cpu_ddr_fifo_tl NULL /DIST/home/peters/cam_repo/CPU_DDR_FIFO2_13_1/CPU_DDR_FIFO_tl.vhd sub00/vhpl02 1344007892
AR microblaze_top structure /DIST/home/peters/cam_repo/CPU_DDR_FIFO2_13_1/Microblaze/Microblaze_top.vhd sub00/vhpl13 1344004777
AR fifo_asynch_tl behavioral /DIST/home/peters/cam_repo/FIFO/FIFO_ASYNCH/FIFO_asynch_tl.vhd sub00/vhpl09 1344007891
EN edge_detector NULL /DIST/home/peters/cam_repo/FIFO/FIFO/edge_detector.vhd sub00/vhpl06 1344007886
