Release 13.4 - xst O.87xd (lin64)
Copyright (c) 1995-2011 Xilinx, Inc.  All rights reserved.
--> 
Parameter TMPDIR set to xst/projnav.tmp


Total REAL time to Xst completion: 1.00 secs
Total CPU time to Xst completion: 0.13 secs
 
--> 
Parameter xsthdpdir set to xst


Total REAL time to Xst completion: 1.00 secs
Total CPU time to Xst completion: 0.13 secs
 
--> 
Reading design: System_tl.prj

TABLE OF CONTENTS
  1) Synthesis Options Summary
  2) HDL Compilation
  3) Design Hierarchy Analysis
  4) HDL Analysis
  5) HDL Synthesis
     5.1) HDL Synthesis Report
  6) Advanced HDL Synthesis
     6.1) Advanced HDL Synthesis Report
  7) Low Level Synthesis
  8) Partition Report
  9) Final Report
	9.1) Device utilization summary
	9.2) Partition Resource Summary
	9.3) TIMING REPORT


=========================================================================
*                      Synthesis Options Summary                        *
=========================================================================
---- Source Parameters
Input File Name                    : "System_tl.prj"
Input Format                       : mixed
Ignore Synthesis Constraint File   : NO

---- Target Parameters
Output File Name                   : "System_tl"
Output Format                      : NGC
Target Device                      : xc5vlx110t-1-ff1136

---- Source Options
Top Module Name                    : System_tl
Automatic FSM Extraction           : YES
FSM Encoding Algorithm             : Auto
Safe Implementation                : No
FSM Style                          : LUT
RAM Extraction                     : Yes
RAM Style                          : Auto
ROM Extraction                     : Yes
Mux Style                          : Auto
Decoder Extraction                 : YES
Priority Encoder Extraction        : Yes
Shift Register Extraction          : YES
Logical Shifter Extraction         : YES
XOR Collapsing                     : YES
ROM Style                          : Auto
Mux Extraction                     : Yes
Resource Sharing                   : YES
Asynchronous To Synchronous        : NO
Use DSP Block                      : Auto
Automatic Register Balancing       : No

---- Target Options
LUT Combining                      : Off
Reduce Control Sets                : Off
Add IO Buffers                     : YES
Global Maximum Fanout              : 100000
Add Generic Clock Buffer(BUFG)     : 32
Register Duplication               : YES
Slice Packing                      : YES
Optimize Instantiated Primitives   : NO
Use Clock Enable                   : Auto
Use Synchronous Set                : Auto
Use Synchronous Reset              : Auto
Pack IO Registers into IOBs        : Auto
Equivalent register Removal        : YES

---- General Options
Optimization Goal                  : Speed
Optimization Effort                : 1
Power Reduction                    : NO
Keep Hierarchy                     : No
Netlist Hierarchy                  : As_Optimized
RTL Output                         : Yes
Global Optimization                : AllClockNets
Read Cores                         : YES
Write Timing Constraints           : NO
Cross Clock Analysis               : NO
Hierarchy Separator                : /
Bus Delimiter                      : <>
Case Specifier                     : Maintain
Slice Utilization Ratio            : 100
BRAM Utilization Ratio             : 100
DSP48 Utilization Ratio            : 100
Verilog 2001                       : YES
Auto BRAM Packing                  : NO
Slice Utilization Ratio Delta      : 5

---- Other Options
Cores Search Directories           : {"FIFO_13_1_asynch" "FIFO_13_1_asynch/ipcore_dir"  }

=========================================================================


=========================================================================
*                          HDL Compilation                              *
=========================================================================
Compiling vhdl file "/DIST/home/peters/nadja_cam_repo/VFBC_old/FIFO_13_1_asynch/edge_detector.vhd" in Library work.
Architecture behavioral of Entity edge_detector is up to date.
Compiling vhdl file "/DIST/home/peters/nadja_cam_repo/VFBC_old/FIFO_13_1_asynch/FIFO_CONST.vhd" in Library work.
Architecture fifo_const of Entity fifo_const is up to date.
Compiling vhdl file "/DIST/home/peters/nadja_cam_repo/VFBC_old/SM_vfbc_control.vhd" in Library work.
Architecture behavioral of Entity sm_vfbc_control is up to date.
Compiling vhdl file "/DIST/home/peters/nadja_cam_repo/VFBC_old/MB/hdl/MB.vhd" in Library work.
Architecture structure of Entity mb is up to date.
Compiling vhdl file "/DIST/home/peters/nadja_cam_repo/VFBC_old/System_dma_tl.vhd" in Library work.
Entity <system_tl> compiled.
ERROR:HDLParsers:164 - "/DIST/home/peters/nadja_cam_repo/VFBC_old/System_dma_tl.vhd" Line 278. parse error, unexpected SIGNAL
ERROR:HDLParsers:3312 - "/DIST/home/peters/nadja_cam_repo/VFBC_old/System_dma_tl.vhd" Line 282. Undefined symbol 'counted'.
ERROR:HDLParsers:3312 - "/DIST/home/peters/nadja_cam_repo/VFBC_old/System_dma_tl.vhd" Line 283. Undefined symbol 'stop_counting'.
ERROR:HDLParsers:164 - "/DIST/home/peters/nadja_cam_repo/VFBC_old/System_dma_tl.vhd" Line 284. parse error, unexpected ELSE
ERROR:HDLParsers:3313 - "/DIST/home/peters/nadja_cam_repo/VFBC_old/System_dma_tl.vhd" Line 288. Undefined symbol 'elseif'.  Should it be: 'else if' or elsif?
ERROR:HDLParsers:1209 - "/DIST/home/peters/nadja_cam_repo/VFBC_old/System_dma_tl.vhd" Line 288. elseif: Undefined symbol (last report in this block)
ERROR:HDLParsers:1209 - "/DIST/home/peters/nadja_cam_repo/VFBC_old/System_dma_tl.vhd" Line 288. counted: Undefined symbol (last report in this block)
ERROR:HDLParsers:164 - "/DIST/home/peters/nadja_cam_repo/VFBC_old/System_dma_tl.vhd" Line 288. parse error, unexpected THEN, expecting OPENPAR or TICK or LSQBRACK
--> 


Total memory usage is 535120 kilobytes

Number of errors   :    8 (   0 filtered)
Number of warnings :    0 (   0 filtered)
Number of infos    :    0 (   0 filtered)

