Release 13.1 - xst O.40d (lin64)
Copyright (c) 1995-2011 Xilinx, Inc.  All rights reserved.
--> 
Parameter TMPDIR set to xst/projnav.tmp


Total REAL time to Xst completion: 0.00 secs
Total CPU time to Xst completion: 0.09 secs
 
--> 
Parameter xsthdpdir set to xst


Total REAL time to Xst completion: 0.00 secs
Total CPU time to Xst completion: 0.10 secs
 
--> 
Reading design: FIFO_asynch13_1_tl.prj

TABLE OF CONTENTS
  1) Synthesis Options Summary
  2) HDL Compilation
  3) Design Hierarchy Analysis
  4) HDL Analysis
  5) HDL Synthesis
     5.1) HDL Synthesis Report
  6) Advanced HDL Synthesis
     6.1) Advanced HDL Synthesis Report
  7) Low Level Synthesis
  8) Partition Report
  9) Final Report
	9.1) Device utilization summary
	9.2) Partition Resource Summary
	9.3) TIMING REPORT


=========================================================================
*                      Synthesis Options Summary                        *
=========================================================================
---- Source Parameters
Input File Name                    : "FIFO_asynch13_1_tl.prj"
Input Format                       : mixed
Ignore Synthesis Constraint File   : NO

---- Target Parameters
Output File Name                   : "FIFO_asynch13_1_tl"
Output Format                      : NGC
Target Device                      : xc5vlx110t-1-ff1136

---- Source Options
Top Module Name                    : FIFO_asynch13_1_tl
Automatic FSM Extraction           : YES
FSM Encoding Algorithm             : Auto
Safe Implementation                : No
FSM Style                          : LUT
RAM Extraction                     : Yes
RAM Style                          : Auto
ROM Extraction                     : Yes
Mux Style                          : Auto
Decoder Extraction                 : YES
Priority Encoder Extraction        : Yes
Shift Register Extraction          : YES
Logical Shifter Extraction         : YES
XOR Collapsing                     : YES
ROM Style                          : Auto
Mux Extraction                     : Yes
Resource Sharing                   : YES
Asynchronous To Synchronous        : NO
Use DSP Block                      : Auto
Automatic Register Balancing       : No

---- Target Options
LUT Combining                      : Off
Reduce Control Sets                : Off
Add IO Buffers                     : YES
Global Maximum Fanout              : 100000
Add Generic Clock Buffer(BUFG)     : 32
Register Duplication               : YES
Slice Packing                      : YES
Optimize Instantiated Primitives   : NO
Use Clock Enable                   : Auto
Use Synchronous Set                : Auto
Use Synchronous Reset              : Auto
Pack IO Registers into IOBs        : Auto
Equivalent register Removal        : YES

---- General Options
Optimization Goal                  : Speed
Optimization Effort                : 1
Power Reduction                    : NO
Keep Hierarchy                     : No
Netlist Hierarchy                  : As_Optimized
RTL Output                         : Yes
Global Optimization                : AllClockNets
Read Cores                         : YES
Write Timing Constraints           : NO
Cross Clock Analysis               : NO
Hierarchy Separator                : /
Bus Delimiter                      : <>
Case Specifier                     : Maintain
Slice Utilization Ratio            : 100
BRAM Utilization Ratio             : 100
DSP48 Utilization Ratio            : 100
Verilog 2001                       : YES
Auto BRAM Packing                  : NO
Slice Utilization Ratio Delta      : 5

---- Other Options
Cores Search Directories           : {"ipcore_dir"  }

=========================================================================


=========================================================================
*                          HDL Compilation                              *
=========================================================================
Compiling vhdl file "/DIST/home/peters/cam_repo/System_V1/FIFO_13_1_asynch/ipcore_dir/fifo_13_1_asynch.vhd" in Library work.
Entity <fifo_13_1_asynch> compiled.
Entity <fifo_13_1_asynch> (Architecture <fifo_13_1_asynch_a>) compiled.
Compiling vhdl file "/DIST/home/peters/cam_repo/System_V1/FIFO_13_1_asynch/edge_detector.vhd" in Library work.
Architecture behavioral of Entity edge_detector is up to date.
Compiling vhdl file "/DIST/home/peters/cam_repo/System_V1/FIFO_13_1_asynch/FIFO_asynch13_1_tl.vhd" in Library work.
Entity <fifo_asynch13_1_tl> compiled.
Entity <fifo_asynch13_1_tl> (Architecture <behavioral>) compiled.

=========================================================================
*                     Design Hierarchy Analysis                         *
=========================================================================
Analyzing hierarchy for entity <FIFO_asynch13_1_tl> in library <work> (architecture <behavioral>).

Analyzing hierarchy for entity <edge_detector> in library <work> (architecture <behavioral>).


=========================================================================
*                            HDL Analysis                               *
=========================================================================
Analyzing Entity <FIFO_asynch13_1_tl> in library <work> (Architecture <behavioral>).
WARNING:Xst:2211 - "/DIST/home/peters/cam_repo/System_V1/FIFO_13_1_asynch/FIFO_asynch13_1_tl.vhd" line 82: Instantiating black box module <fifo_13_1_asynch>.
Entity <FIFO_asynch13_1_tl> analyzed. Unit <FIFO_asynch13_1_tl> generated.

Analyzing Entity <edge_detector> in library <work> (Architecture <behavioral>).
Entity <edge_detector> analyzed. Unit <edge_detector> generated.


=========================================================================
*                           HDL Synthesis                               *
=========================================================================

Performing bidirectional port resolution...

Synthesizing Unit <edge_detector>.
    Related source file is "/DIST/home/peters/cam_repo/System_V1/FIFO_13_1_asynch/edge_detector.vhd".
    Found 1-bit register for signal <edge_o>.
    Found 1-bit register for signal <signal_buffer>.
    Summary:
	inferred   2 D-type flip-flop(s).
Unit <edge_detector> synthesized.


Synthesizing Unit <FIFO_asynch13_1_tl>.
    Related source file is "/DIST/home/peters/cam_repo/System_V1/FIFO_13_1_asynch/FIFO_asynch13_1_tl.vhd".
Unit <FIFO_asynch13_1_tl> synthesized.


=========================================================================
HDL Synthesis Report

Macro Statistics
# Registers                                            : 4
 1-bit register                                        : 4

=========================================================================

=========================================================================
*                       Advanced HDL Synthesis                          *
=========================================================================

Reading core <ipcore_dir/fifo_13_1_asynch.ngc>.
Loading core <fifo_13_1_asynch> for timing and area information for instance <fifo_asynch>.

=========================================================================
Advanced HDL Synthesis Report

Macro Statistics
# Registers                                            : 4
 Flip-Flops                                            : 4

=========================================================================

=========================================================================
*                         Low Level Synthesis                           *
=========================================================================

Optimizing unit <FIFO_asynch13_1_tl> ...

Mapping all equations...
Building and optimizing final netlist ...
Found area constraint ratio of 100 (+ 5) on block FIFO_asynch13_1_tl, actual ratio is 0.
INFO:Xst:2260 - The FF/Latch <U0/xst_fifo_generator/gconvfifo.rf/grf.rf/gntv_or_sync_fifo.gl0.rd/gras.rsts/ram_empty_fb_i> in Unit <fifo_asynch> is equivalent to the following FF/Latch : <U0/xst_fifo_generator/gconvfifo.rf/grf.rf/gntv_or_sync_fifo.gl0.rd/gras.rsts/ram_empty_i> 
INFO:Xst:2260 - The FF/Latch <U0/xst_fifo_generator/gconvfifo.rf/grf.rf/rstblk/wr_rst_reg_1> in Unit <fifo_asynch> is equivalent to the following FF/Latch : <U0/xst_fifo_generator/gconvfifo.rf/grf.rf/rstblk/wr_rst_reg_0> 
INFO:Xst:2260 - The FF/Latch <U0/xst_fifo_generator/gconvfifo.rf/grf.rf/rstblk/rd_rst_reg_2> in Unit <fifo_asynch> is equivalent to the following 2 FFs/Latches : <U0/xst_fifo_generator/gconvfifo.rf/grf.rf/rstblk/rd_rst_reg_1> <U0/xst_fifo_generator/gconvfifo.rf/grf.rf/rstblk/rd_rst_reg_0> 
INFO:Xst:2260 - The FF/Latch <U0/xst_fifo_generator/gconvfifo.rf/grf.rf/gntv_or_sync_fifo.gl0.wr/gwas.wsts/ram_full_fb_i> in Unit <fifo_asynch> is equivalent to the following FF/Latch : <U0/xst_fifo_generator/gconvfifo.rf/grf.rf/gntv_or_sync_fifo.gl0.wr/gwas.wsts/ram_full_i> 
INFO:Xst:2260 - The FF/Latch <U0/xst_fifo_generator/gconvfifo.rf/grf.rf/gntv_or_sync_fifo.gl0.rd/gras.rsts/ram_empty_fb_i> in Unit <fifo_asynch> is equivalent to the following FF/Latch : <U0/xst_fifo_generator/gconvfifo.rf/grf.rf/gntv_or_sync_fifo.gl0.rd/gras.rsts/ram_empty_i> 
INFO:Xst:2260 - The FF/Latch <U0/xst_fifo_generator/gconvfifo.rf/grf.rf/rstblk/wr_rst_reg_1> in Unit <fifo_asynch> is equivalent to the following FF/Latch : <U0/xst_fifo_generator/gconvfifo.rf/grf.rf/rstblk/wr_rst_reg_0> 
INFO:Xst:2260 - The FF/Latch <U0/xst_fifo_generator/gconvfifo.rf/grf.rf/rstblk/rd_rst_reg_2> in Unit <fifo_asynch> is equivalent to the following 2 FFs/Latches : <U0/xst_fifo_generator/gconvfifo.rf/grf.rf/rstblk/rd_rst_reg_1> <U0/xst_fifo_generator/gconvfifo.rf/grf.rf/rstblk/rd_rst_reg_0> 
INFO:Xst:2260 - The FF/Latch <U0/xst_fifo_generator/gconvfifo.rf/grf.rf/gntv_or_sync_fifo.gl0.wr/gwas.wsts/ram_full_fb_i> in Unit <fifo_asynch> is equivalent to the following FF/Latch : <U0/xst_fifo_generator/gconvfifo.rf/grf.rf/gntv_or_sync_fifo.gl0.wr/gwas.wsts/ram_full_i> 

Final Macro Processing ...

=========================================================================
Final Register Report

Macro Statistics
# Registers                                            : 4
 Flip-Flops                                            : 4

=========================================================================

=========================================================================
*                           Partition Report                            *
=========================================================================

Partition Implementation Status
-------------------------------

  No Partitions were found in this design.

-------------------------------

=========================================================================
*                            Final Report                               *
=========================================================================
Final Results
RTL Top Level Output File Name     : FIFO_asynch13_1_tl.ngr
Top Level Output File Name         : FIFO_asynch13_1_tl
Output Format                      : NGC
Optimization Goal                  : Speed
Keep Hierarchy                     : No

Design Statistics
# IOs                              : 71

Cell Usage :
# BELS                             : 378
#      GND                         : 1
#      INV                         : 1
#      LUT1                        : 30
#      LUT2                        : 80
#      LUT3                        : 6
#      LUT4                        : 43
#      LUT5                        : 12
#      LUT6                        : 39
#      MUXCY                       : 96
#      MUXF7                       : 9
#      VCC                         : 1
#      XORCY                       : 60
# FlipFlops/Latches                : 264
#      FD                          : 4
#      FDC                         : 157
#      FDCE                        : 86
#      FDE                         : 3
#      FDP                         : 7
#      FDPE                        : 7
# RAMS                             : 15
#      RAMB36_EXP                  : 15
# Clock Buffers                    : 2
#      BUFGP                       : 2
# IO Buffers                       : 69
#      IBUF                        : 19
#      OBUF                        : 50
=========================================================================

Device utilization summary:
---------------------------

Selected Device : 5vlx110tff1136-1 


Slice Logic Utilization: 
 Number of Slice Registers:             264  out of  69120     0%  
 Number of Slice LUTs:                  211  out of  69120     0%  
    Number used as Logic:               211  out of  69120     0%  

Slice Logic Distribution: 
 Number of LUT Flip Flop pairs used:    354
   Number with an unused Flip Flop:      90  out of    354    25%  
   Number with an unused LUT:           143  out of    354    40%  
   Number of fully used LUT-FF pairs:   121  out of    354    34%  
   Number of unique control sets:        16

IO Utilization: 
 Number of IOs:                          71
 Number of bonded IOBs:                  71  out of    640    11%  

Specific Feature Utilization:
 Number of Block RAM/FIFO:               15  out of    148    10%  
    Number using Block RAM only:         15
 Number of BUFG/BUFGCTRLs:                2  out of     32     6%  

---------------------------
Partition Resource Summary:
---------------------------

  No Partitions were found in this design.

---------------------------


=========================================================================
TIMING REPORT

NOTE: THESE TIMING NUMBERS ARE ONLY A SYNTHESIS ESTIMATE.
      FOR ACCURATE TIMING INFORMATION PLEASE REFER TO THE TRACE REPORT
      GENERATED AFTER PLACE-and-ROUTE.

Clock Information:
------------------
-----------------------------------+------------------------+-------+
Clock Signal                       | Clock buffer(FF name)  | Load  |
-----------------------------------+------------------------+-------+
rd_clk_i                           | BUFGP                  | 134   |
wr_clk_i                           | BUFGP                  | 160   |
-----------------------------------+------------------------+-------+

Asynchronous Control Signals Information:
----------------------------------------
-------------------------------------------------------------------------------------------------------------------------------------------------------+---------------------------------------------------------------------------------------------------------------------------------------------------------------------------------------------+-------+
Control Signal                                                                                                                                         | Buffer(FF name)                                                                                                                                                                             | Load  |
-------------------------------------------------------------------------------------------------------------------------------------------------------+---------------------------------------------------------------------------------------------------------------------------------------------------------------------------------------------+-------+
fifo_asynch/N0(fifo_asynch/XST_GND:G)                                                                                                                  | NONE(fifo_asynch/U0/xst_fifo_generator/gconvfifo.rf/grf.rf/gntv_or_sync_fifo.mem/gbm.gbmg.gbmga.ngecc.bmg/blk_mem_generator/valid.cstr/ramloop[0].ram.r/v5_noinit.ram/SDP.SINGLE_PRIM36.TDP)| 120   |
fifo_asynch/U0/xst_fifo_generator/gconvfifo.rf/grf.rf/rstblk/wr_rst_reg<1>(fifo_asynch/U0/xst_fifo_generator/gconvfifo.rf/grf.rf/rstblk/wr_rst_reg_1:Q)| NONE(fifo_asynch/U0/xst_fifo_generator/gconvfifo.rf/grf.rf/gntv_or_sync_fifo.gl0.wr/gwas.gwdc0.wdc/wr_data_count_i_0)                                                                       | 75    |
fifo_asynch/U0/xst_fifo_generator/gconvfifo.rf/grf.rf/rstblk/wr_rst_reg<0>(fifo_asynch/U0/xst_fifo_generator/gconvfifo.rf/grf.rf/rstblk/wr_rst_reg_0:Q)| NONE(fifo_asynch/U0/xst_fifo_generator/gconvfifo.rf/grf.rf/gntv_or_sync_fifo.gcx.clkx/rd_pntr_bin_0)                                                                                        | 63    |
fifo_asynch/U0/xst_fifo_generator/gconvfifo.rf/grf.rf/rstblk/rd_rst_reg<1>(fifo_asynch/U0/xst_fifo_generator/gconvfifo.rf/grf.rf/rstblk/rd_rst_reg_1:Q)| NONE(fifo_asynch/U0/xst_fifo_generator/gconvfifo.rf/grf.rf/gntv_or_sync_fifo.gcx.clkx/rd_pntr_gc_0)                                                                                         | 60    |
fifo_asynch/U0/xst_fifo_generator/gconvfifo.rf/grf.rf/rstblk/rd_rst_reg<2>(fifo_asynch/U0/xst_fifo_generator/gconvfifo.rf/grf.rf/rstblk/rd_rst_reg_2:Q)| NONE(fifo_asynch/U0/xst_fifo_generator/gconvfifo.rf/grf.rf/gntv_or_sync_fifo.gl0.rd/gras.grdc1.rdc/rd_dc_i_0)                                                                               | 48    |
rst_i                                                                                                                                                  | IBUF                                                                                                                                                                                        | 6     |
fifo_asynch/U0/xst_fifo_generator/gconvfifo.rf/grf.rf/rstblk/rd_rst_comb(fifo_asynch/U0/xst_fifo_generator/gconvfifo.rf/grf.rf/rstblk/rd_rst_comb1:O)  | NONE(fifo_asynch/U0/xst_fifo_generator/gconvfifo.rf/grf.rf/rstblk/rd_rst_reg_0)                                                                                                             | 3     |
fifo_asynch/U0/xst_fifo_generator/gconvfifo.rf/grf.rf/rstblk/wr_rst_comb(fifo_asynch/U0/xst_fifo_generator/gconvfifo.rf/grf.rf/rstblk/wr_rst_comb1:O)  | NONE(fifo_asynch/U0/xst_fifo_generator/gconvfifo.rf/grf.rf/rstblk/wr_rst_reg_0)                                                                                                             | 2     |
-------------------------------------------------------------------------------------------------------------------------------------------------------+---------------------------------------------------------------------------------------------------------------------------------------------------------------------------------------------+-------+

Timing Summary:
---------------
Speed Grade: -1

   Minimum period: 2.899ns (Maximum Frequency: 344.947MHz)
   Minimum input arrival time before clock: 1.534ns
   Maximum output required time after clock: 6.299ns
   Maximum combinational path delay: No path found

Timing Detail:
--------------
All values displayed in nanoseconds (ns)

=========================================================================
Timing constraint: Default period analysis for Clock 'rd_clk_i'
  Clock period: 2.899ns (frequency: 344.947MHz)
  Total number of paths / destination ports: 1386 / 565
-------------------------------------------------------------------------
Delay:               2.899ns (Levels of Logic = 3)
  Source:            fifo_asynch/U0/xst_fifo_generator/gconvfifo.rf/grf.rf/gntv_or_sync_fifo.gcx.clkx/wr_pntr_gc_asreg_d1_4 (FF)
  Destination:       fifo_asynch/U0/xst_fifo_generator/gconvfifo.rf/grf.rf/gntv_or_sync_fifo.gcx.clkx/wr_pntr_bin_2 (FF)
  Source Clock:      rd_clk_i rising
  Destination Clock: rd_clk_i rising

  Data Path: fifo_asynch/U0/xst_fifo_generator/gconvfifo.rf/grf.rf/gntv_or_sync_fifo.gcx.clkx/wr_pntr_gc_asreg_d1_4 to fifo_asynch/U0/xst_fifo_generator/gconvfifo.rf/grf.rf/gntv_or_sync_fifo.gcx.clkx/wr_pntr_bin_2
                                Gate     Net
    Cell:in->out      fanout   Delay   Delay  Logical Name (Net Name)
    ----------------------------------------  ------------
     FDC:C->Q              2   0.471   0.581  U0/xst_fifo_generator/gconvfifo.rf/grf.rf/gntv_or_sync_fifo.gcx.clkx/wr_pntr_gc_asreg_d1_4 (U0/xst_fifo_generator/gconvfifo.rf/grf.rf/gntv_or_sync_fifo.gcx.clkx/wr_pntr_gc_asreg_d1<4>)
     LUT2:I0->O            1   0.094   1.069  U0/xst_fifo_generator/gconvfifo.rf/grf.rf/gntv_or_sync_fifo.gcx.clkx/Mxor_tmp_value0_4_xor0000_xo<0>1_SW0 (N29)
     LUT6:I0->O            4   0.094   0.496  U0/xst_fifo_generator/gconvfifo.rf/grf.rf/gntv_or_sync_fifo.gcx.clkx/Mxor_tmp_value0_3_xor0000_Result1 (U0/xst_fifo_generator/gconvfifo.rf/grf.rf/gntv_or_sync_fifo.gcx.clkx/tmp_value0_3_xor0000)
     LUT2:I1->O            1   0.094   0.000  U0/xst_fifo_generator/gconvfifo.rf/grf.rf/gntv_or_sync_fifo.gcx.clkx/Mxor_tmp_value0_2_xor0000_Result1 (U0/xst_fifo_generator/gconvfifo.rf/grf.rf/gntv_or_sync_fifo.gcx.clkx/tmp_value0_2_xor0000)
     FDC:D                    -0.018          U0/xst_fifo_generator/gconvfifo.rf/grf.rf/gntv_or_sync_fifo.gcx.clkx/wr_pntr_bin_2
    ----------------------------------------
    Total                      2.899ns (0.753ns logic, 2.146ns route)
                                       (26.0% logic, 74.0% route)

=========================================================================
Timing constraint: Default period analysis for Clock 'wr_clk_i'
  Clock period: 2.822ns (frequency: 354.359MHz)
  Total number of paths / destination ports: 1735 / 740
-------------------------------------------------------------------------
Delay:               2.822ns (Levels of Logic = 10)
  Source:            fifo_asynch/U0/xst_fifo_generator/gconvfifo.rf/grf.rf/gntv_or_sync_fifo.gcx.clkx/rd_pntr_bin_1 (FF)
  Destination:       fifo_asynch/U0/xst_fifo_generator/gconvfifo.rf/grf.rf/gntv_or_sync_fifo.gl0.wr/gwas.wsts/ram_full_fb_i (FF)
  Source Clock:      wr_clk_i rising
  Destination Clock: wr_clk_i rising

  Data Path: fifo_asynch/U0/xst_fifo_generator/gconvfifo.rf/grf.rf/gntv_or_sync_fifo.gcx.clkx/rd_pntr_bin_1 to fifo_asynch/U0/xst_fifo_generator/gconvfifo.rf/grf.rf/gntv_or_sync_fifo.gl0.wr/gwas.wsts/ram_full_fb_i
                                Gate     Net
    Cell:in->out      fanout   Delay   Delay  Logical Name (Net Name)
    ----------------------------------------  ------------
     FDC:C->Q              4   0.471   0.805  U0/xst_fifo_generator/gconvfifo.rf/grf.rf/gntv_or_sync_fifo.gcx.clkx/rd_pntr_bin_1 (U0/xst_fifo_generator/gconvfifo.rf/grf.rf/gntv_or_sync_fifo.gcx.clkx/rd_pntr_bin<1>)
     LUT4:I0->O            1   0.094   0.000  U0/xst_fifo_generator/gconvfifo.rf/grf.rf/gntv_or_sync_fifo.gl0.wr/gwas.wsts/gaf.c3/v1_0_and00001 (U0/xst_fifo_generator/gconvfifo.rf/grf.rf/gntv_or_sync_fifo.gl0.wr/gwas.wsts/gaf.c3/v1<0>)
     MUXCY:S->O            1   0.372   0.000  U0/xst_fifo_generator/gconvfifo.rf/grf.rf/gntv_or_sync_fifo.gl0.wr/gwas.wsts/gaf.c3/gmux.gm[0].gm1.m1 (U0/xst_fifo_generator/gconvfifo.rf/grf.rf/gntv_or_sync_fifo.gl0.wr/gwas.wsts/gaf.c3/carrynet<0>)
     MUXCY:CI->O           1   0.026   0.000  U0/xst_fifo_generator/gconvfifo.rf/grf.rf/gntv_or_sync_fifo.gl0.wr/gwas.wsts/gaf.c3/gmux.gm[1].gms.ms (U0/xst_fifo_generator/gconvfifo.rf/grf.rf/gntv_or_sync_fifo.gl0.wr/gwas.wsts/gaf.c3/carrynet<1>)
     MUXCY:CI->O           1   0.026   0.000  U0/xst_fifo_generator/gconvfifo.rf/grf.rf/gntv_or_sync_fifo.gl0.wr/gwas.wsts/gaf.c3/gmux.gm[2].gms.ms (U0/xst_fifo_generator/gconvfifo.rf/grf.rf/gntv_or_sync_fifo.gl0.wr/gwas.wsts/gaf.c3/carrynet<2>)
     MUXCY:CI->O           1   0.026   0.000  U0/xst_fifo_generator/gconvfifo.rf/grf.rf/gntv_or_sync_fifo.gl0.wr/gwas.wsts/gaf.c3/gmux.gm[3].gms.ms (U0/xst_fifo_generator/gconvfifo.rf/grf.rf/gntv_or_sync_fifo.gl0.wr/gwas.wsts/gaf.c3/carrynet<3>)
     MUXCY:CI->O           1   0.026   0.000  U0/xst_fifo_generator/gconvfifo.rf/grf.rf/gntv_or_sync_fifo.gl0.wr/gwas.wsts/gaf.c3/gmux.gm[4].gms.ms (U0/xst_fifo_generator/gconvfifo.rf/grf.rf/gntv_or_sync_fifo.gl0.wr/gwas.wsts/gaf.c3/carrynet<4>)
     MUXCY:CI->O           1   0.026   0.000  U0/xst_fifo_generator/gconvfifo.rf/grf.rf/gntv_or_sync_fifo.gl0.wr/gwas.wsts/gaf.c3/gmux.gm[5].gms.ms (U0/xst_fifo_generator/gconvfifo.rf/grf.rf/gntv_or_sync_fifo.gl0.wr/gwas.wsts/gaf.c3/carrynet<5>)
     MUXCY:CI->O           1   0.026   0.000  U0/xst_fifo_generator/gconvfifo.rf/grf.rf/gntv_or_sync_fifo.gl0.wr/gwas.wsts/gaf.c3/gmux.gm[6].gms.ms (U0/xst_fifo_generator/gconvfifo.rf/grf.rf/gntv_or_sync_fifo.gl0.wr/gwas.wsts/gaf.c3/carrynet<6>)
     MUXCY:CI->O           1   0.254   0.576  U0/xst_fifo_generator/gconvfifo.rf/grf.rf/gntv_or_sync_fifo.gl0.wr/gwas.wsts/gaf.c3/gmux.gm[7].gms.ms (U0/xst_fifo_generator/gconvfifo.rf/grf.rf/gntv_or_sync_fifo.gl0.wr/gwas.wsts/comp3)
     LUT4:I2->O            1   0.094   0.000  U0/xst_fifo_generator/gconvfifo.rf/grf.rf/gntv_or_sync_fifo.gl0.wr/gwas.wsts/ram_almost_full_i_mux00001 (U0/xst_fifo_generator/gconvfifo.rf/grf.rf/gntv_or_sync_fifo.gl0.wr/gwas.wsts/ram_almost_full_i_mux0000)
     FDCE:D                   -0.018          U0/xst_fifo_generator/gconvfifo.rf/grf.rf/gntv_or_sync_fifo.gl0.wr/gwas.wsts/ram_almost_full_i
    ----------------------------------------
    Total                      2.822ns (1.441ns logic, 1.381ns route)
                                       (51.1% logic, 48.9% route)

=========================================================================
Timing constraint: Default OFFSET IN BEFORE for Clock 'wr_clk_i'
  Total number of paths / destination ports: 81 / 81
-------------------------------------------------------------------------
Offset:              1.534ns (Levels of Logic = 2)
  Source:            din_i<14> (PAD)
  Destination:       fifo_asynch/U0/xst_fifo_generator/gconvfifo.rf/grf.rf/gntv_or_sync_fifo.mem/gbm.gbmg.gbmga.ngecc.bmg/blk_mem_generator/valid.cstr/ramloop[14].ram.r/v5_noinit.ram/SDP.SINGLE_PRIM36.TDP (RAM)
  Destination Clock: wr_clk_i rising

  Data Path: din_i<14> to fifo_asynch/U0/xst_fifo_generator/gconvfifo.rf/grf.rf/gntv_or_sync_fifo.mem/gbm.gbmg.gbmga.ngecc.bmg/blk_mem_generator/valid.cstr/ramloop[14].ram.r/v5_noinit.ram/SDP.SINGLE_PRIM36.TDP
                                Gate     Net
    Cell:in->out      fanout   Delay   Delay  Logical Name (Net Name)
    ----------------------------------------  ------------
     IBUF:I->O             8   0.818   0.374  din_i_14_IBUF (din_i_14_IBUF)
     begin scope: 'fifo_asynch'
     RAMB36_EXP:DIA7           0.342          U0/xst_fifo_generator/gconvfifo.rf/grf.rf/gntv_or_sync_fifo.mem/gbm.gbmg.gbmga.ngecc.bmg/blk_mem_generator/valid.cstr/ramloop[14].ram.r/v5_noinit.ram/SDP.SINGLE_PRIM36.TDP
    ----------------------------------------
    Total                      1.534ns (1.160ns logic, 0.374ns route)
                                       (75.6% logic, 24.4% route)

=========================================================================
Timing constraint: Default OFFSET IN BEFORE for Clock 'rd_clk_i'
  Total number of paths / destination ports: 2 / 2
-------------------------------------------------------------------------
Offset:              1.397ns (Levels of Logic = 2)
  Source:            rd_en_i (PAD)
  Destination:       rd_en_edge_detector/edge_o (FF)
  Destination Clock: rd_clk_i rising

  Data Path: rd_en_i to rd_en_edge_detector/edge_o
                                Gate     Net
    Cell:in->out      fanout   Delay   Delay  Logical Name (Net Name)
    ----------------------------------------  ------------
     IBUF:I->O             2   0.818   0.485  rd_en_i_IBUF (rd_en_i_IBUF)
     LUT2:I1->O            1   0.094   0.000  rd_en_edge_detector/edge_o_and00001 (rd_en_edge_detector/edge_o_and0000)
     FDC:D                    -0.018          rd_en_edge_detector/edge_o
    ----------------------------------------
    Total                      1.397ns (0.912ns logic, 0.485ns route)
                                       (65.3% logic, 34.7% route)

=========================================================================
Timing constraint: Default OFFSET OUT AFTER for Clock 'wr_clk_i'
  Total number of paths / destination ports: 17 / 17
-------------------------------------------------------------------------
Offset:              3.259ns (Levels of Logic = 2)
  Source:            fifo_asynch/U0/xst_fifo_generator/gconvfifo.rf/grf.rf/gntv_or_sync_fifo.gl0.wr/gwas.wsts/ram_full_i (FF)
  Destination:       full_o (PAD)
  Source Clock:      wr_clk_i rising

  Data Path: fifo_asynch/U0/xst_fifo_generator/gconvfifo.rf/grf.rf/gntv_or_sync_fifo.gl0.wr/gwas.wsts/ram_full_i to full_o
                                Gate     Net
    Cell:in->out      fanout   Delay   Delay  Logical Name (Net Name)
    ----------------------------------------  ------------
     FDC:C->Q              1   0.471   0.336  U0/xst_fifo_generator/gconvfifo.rf/grf.rf/gntv_or_sync_fifo.gl0.wr/gwas.wsts/ram_full_i (full)
     end scope: 'fifo_asynch'
     OBUF:I->O                 2.452          full_o_OBUF (full_o)
    ----------------------------------------
    Total                      3.259ns (2.923ns logic, 0.336ns route)
                                       (89.7% logic, 10.3% route)

=========================================================================
Timing constraint: Default OFFSET OUT AFTER for Clock 'rd_clk_i'
  Total number of paths / destination ports: 141 / 33
-------------------------------------------------------------------------
Offset:              6.299ns (Levels of Logic = 4)
  Source:            fifo_asynch/U0/xst_fifo_generator/gconvfifo.rf/grf.rf/gntv_or_sync_fifo.mem/gbm.gbmg.gbmga.ngecc.bmg/blk_mem_generator/valid.cstr/ramloop[13].ram.r/v5_noinit.ram/SDP.SINGLE_PRIM36.TDP (RAM)
  Destination:       dout_o<15> (PAD)
  Source Clock:      rd_clk_i rising

  Data Path: fifo_asynch/U0/xst_fifo_generator/gconvfifo.rf/grf.rf/gntv_or_sync_fifo.mem/gbm.gbmg.gbmga.ngecc.bmg/blk_mem_generator/valid.cstr/ramloop[13].ram.r/v5_noinit.ram/SDP.SINGLE_PRIM36.TDP to dout_o<15>
                                Gate     Net
    Cell:in->out      fanout   Delay   Delay  Logical Name (Net Name)
    ----------------------------------------  ------------
     RAMB36_EXP:REGCLKBL->DOPB0    1   2.190   0.973  U0/xst_fifo_generator/gconvfifo.rf/grf.rf/gntv_or_sync_fifo.mem/gbm.gbmg.gbmga.ngecc.bmg/blk_mem_generator/valid.cstr/ramloop[13].ram.r/v5_noinit.ram/SDP.SINGLE_PRIM36.TDP (U0/xst_fifo_generator/gconvfifo.rf/grf.rf/gntv_or_sync_fifo.mem/gbm.gbmg.gbmga.ngecc.bmg/blk_mem_generator/valid.cstr/ram_doutb12<8>)
     LUT6:I1->O            1   0.094   0.000  U0/xst_fifo_generator/gconvfifo.rf/grf.rf/gntv_or_sync_fifo.mem/gbm.gbmg.gbmga.ngecc.bmg/blk_mem_generator/valid.cstr/has_mux_b.B/Mmux_dout_mux_35 (U0/xst_fifo_generator/gconvfifo.rf/grf.rf/gntv_or_sync_fifo.mem/gbm.gbmg.gbmga.ngecc.bmg/blk_mem_generator/valid.cstr/has_mux_b.B/Mmux_dout_mux_35)
     MUXF7:I1->O           1   0.254   0.336  U0/xst_fifo_generator/gconvfifo.rf/grf.rf/gntv_or_sync_fifo.mem/gbm.gbmg.gbmga.ngecc.bmg/blk_mem_generator/valid.cstr/has_mux_b.B/Mmux_dout_mux_2_f7_4 (dout<15>)
     end scope: 'fifo_asynch'
     OBUF:I->O                 2.452          dout_o_15_OBUF (dout_o<15>)
    ----------------------------------------
    Total                      6.299ns (4.990ns logic, 1.309ns route)
                                       (79.2% logic, 20.8% route)

=========================================================================


Total REAL time to Xst completion: 17.00 secs
Total CPU time to Xst completion: 14.74 secs
 
--> 


Total memory usage is 408716 kilobytes

Number of errors   :    0 (   0 filtered)
Number of warnings :    1 (   0 filtered)
Number of infos    :    8 (   0 filtered)

