PB fifo_const fifo_const /DIST/home/peters/nadja_cam_repo/VFBC_old/FIFO_13_1_asynch/FIFO_CONST.vhd sub00/vhpl03 1353428707
AR system_tl behavioral /DIST/home/peters/nadja_cam_repo/VFBC_old/System_dma_tl.vhd sub00/vhpl09 1353428713
EN mb NULL /DIST/home/peters/nadja_cam_repo/VFBC_old/MB/hdl/MB.vhd sub00/vhpl06 1353428710
AR sm_vfbc_control behavioral /DIST/home/peters/nadja_cam_repo/VFBC_old/SM_vfbc_control.vhd sub00/vhpl05 1353428709
PH fifo_const NULL /DIST/home/peters/nadja_cam_repo/VFBC_old/FIFO_13_1_asynch/FIFO_CONST.vhd sub00/vhpl02 1353428706
AR edge_detector behavioral /DIST/home/peters/nadja_cam_repo/VFBC_old/FIFO_13_1_asynch/edge_detector.vhd sub00/vhpl01 1353428705
EN system_tl NULL /DIST/home/peters/nadja_cam_repo/VFBC_old/System_dma_tl.vhd sub00/vhpl08 1353428712
EN sm_vfbc_control NULL /DIST/home/peters/nadja_cam_repo/VFBC_old/SM_vfbc_control.vhd sub00/vhpl04 1353428708
AR mb structure /DIST/home/peters/nadja_cam_repo/VFBC_old/MB/hdl/MB.vhd sub00/vhpl07 1353428711
EN edge_detector NULL /DIST/home/peters/nadja_cam_repo/VFBC_old/FIFO_13_1_asynch/edge_detector.vhd sub00/vhpl00 1353428704
