PB fifo_const fifo_const /DIST/home/peters/nadja_cam_repo/VFBC_old/FIFO_13_1_asynch/FIFO_CONST.vhd sub00/vhpl03 1354031283
AR system_tl behavioral /DIST/home/peters/nadja_cam_repo/VFBC_old/System_dma_tl.vhd sub00/vhpl09 1354031291
EN mb NULL /DIST/home/peters/nadja_cam_repo/VFBC_old/MB/hdl/MB.vhd sub00/vhpl06 1354031288
AR i2cmaster i2cmaster_arch /DIST/home/peters/nadja_cam_repo/I2C/i2cmaster.vhd sub00/vhpl11 1354031281
AR sm_vfbc_control behavioral /DIST/home/peters/nadja_cam_repo/VFBC_old/SM_vfbc_control.vhd sub00/vhpl05 1354031287
EN i2cmaster NULL /DIST/home/peters/nadja_cam_repo/I2C/i2cmaster.vhd sub00/vhpl10 1354031280
PH fifo_const NULL /DIST/home/peters/nadja_cam_repo/VFBC_old/FIFO_13_1_asynch/FIFO_CONST.vhd sub00/vhpl02 1354031282
AR edge_detector behavioral /DIST/home/peters/nadja_cam_repo/VFBC_old/FIFO_13_1_asynch/edge_detector.vhd sub00/vhpl01 1354031279
EN cam_control NULL /DIST/home/peters/nadja_cam_repo/VFBC_old/cam_control.vhd sub00/vhpl12 1354031284
EN system_tl NULL /DIST/home/peters/nadja_cam_repo/VFBC_old/System_dma_tl.vhd sub00/vhpl08 1354031290
EN sm_vfbc_control NULL /DIST/home/peters/nadja_cam_repo/VFBC_old/SM_vfbc_control.vhd sub00/vhpl04 1354031286
AR mb structure /DIST/home/peters/nadja_cam_repo/VFBC_old/MB/hdl/MB.vhd sub00/vhpl07 1354031289
AR cam_control behavioral /DIST/home/peters/nadja_cam_repo/VFBC_old/cam_control.vhd sub00/vhpl13 1354031285
EN edge_detector NULL /DIST/home/peters/nadja_cam_repo/VFBC_old/FIFO_13_1_asynch/edge_detector.vhd sub00/vhpl00 1354031278
