V3 41
FL /DIST/home/peters/nadja_cam_repo/VFBC_old/FIFO_13_1_asynch/edge_detector.vhd 2012/11/19.14:47:40 O.87xd
EN work/edge_detector 1353667496 \
      FL /DIST/home/peters/nadja_cam_repo/VFBC_old/FIFO_13_1_asynch/edge_detector.vhd \
      PB ieee/std_logic_1164 1325952872
AR work/edge_detector/Behavioral 1353667497 \
      FL /DIST/home/peters/nadja_cam_repo/VFBC_old/FIFO_13_1_asynch/edge_detector.vhd \
      EN work/edge_detector 1353667496
FL /DIST/home/peters/nadja_cam_repo/VFBC_old/FIFO_13_1_asynch/FIFO_CONST.vhd 2012/08/14.16:07:38 O.87xd
PH work/FIFO_CONST 1353667498 \
      FL /DIST/home/peters/nadja_cam_repo/VFBC_old/FIFO_13_1_asynch/FIFO_CONST.vhd \
      PB ieee/std_logic_1164 1325952872
PB work/FIFO_CONST 1353667499 \
      FL /DIST/home/peters/nadja_cam_repo/VFBC_old/FIFO_13_1_asynch/FIFO_CONST.vhd \
      PH work/FIFO_CONST 1353667498
FL /DIST/home/peters/nadja_cam_repo/VFBC_old/MB/hdl/MB.vhd 2012/11/23.11:21:20 O.87xd
EN work/MB 1353667502 FL /DIST/home/peters/nadja_cam_repo/VFBC_old/MB/hdl/MB.vhd \
      PB ieee/std_logic_1164 1325952872 LB UNISIM PH unisim/VCOMPONENTS 1325952880
AR work/MB/STRUCTURE 1353667503 \
      FL /DIST/home/peters/nadja_cam_repo/VFBC_old/MB/hdl/MB.vhd EN work/MB 1353667502 \
      CP microblaze_0_wrapper CP mb_plb_wrapper CP ilmb_wrapper CP dlmb_wrapper \
      CP dlmb_cntlr_wrapper CP ilmb_cntlr_wrapper CP lmb_bram_wrapper \
      CP push_buttons_5bit_wrapper CP ddr2_sdram_wrapper CP xps_timer_0_wrapper \
      CP xps_bram_if_cntlr_0_wrapper CP xps_bram_if_cntlr_0_block_wrapper \
      CP clock_generator_0_wrapper CP mdm_0_wrapper CP proc_sys_reset_0_wrapper \
      CP gpio_fifo_wrapper CP xps_intc_0_wrapper CP xps_fifo_cam_data_wrapper \
      CP xps_central_dma_0_wrapper CP xps_epc_0_wrapper CP xps_tft_0_wrapper \
      CP IOBUF
FL /DIST/home/peters/nadja_cam_repo/VFBC_old/SM_vfbc_control.vhd 2012/11/22.16:10:59 O.87xd
EN work/SM_vfbc_control 1353667500 \
      FL /DIST/home/peters/nadja_cam_repo/VFBC_old/SM_vfbc_control.vhd \
      PB ieee/std_logic_1164 1325952872 PB ieee/NUMERIC_STD 1325952877
AR work/SM_vfbc_control/Behavioral 1353667501 \
      FL /DIST/home/peters/nadja_cam_repo/VFBC_old/SM_vfbc_control.vhd \
      EN work/SM_vfbc_control 1353667500 CP edge_detector
FL /DIST/home/peters/nadja_cam_repo/VFBC_old/System_dma_tl.vhd 2012/11/23.11:44:45 O.87xd
EN work/System_tl 1353667504 \
      FL /DIST/home/peters/nadja_cam_repo/VFBC_old/System_dma_tl.vhd \
      PB ieee/std_logic_1164 1325952872 PB work/FIFO_CONST 1353667499 \
      PB ieee/NUMERIC_STD 1325952877
AR work/System_tl/Behavioral 1353667505 \
      FL /DIST/home/peters/nadja_cam_repo/VFBC_old/System_dma_tl.vhd \
      EN work/System_tl 1353667504 CP edge_detector CP SM_vfbc_control CP MB
