/DIST/home/peters/cam_repo/CPU_DDR_FIFO2_13_1/CPU_DDR_FIFO_tl.ngc 1344007964
/DIST/home/peters/cam_repo/CPU_DDR_FIFO2_13_1/Microblaze.ngc 1344007813
/DIST/home/peters/cam_repo/CPU_DDR_FIFO2_13_1/microblaze_0_wrapper.ngc 1344007814
/DIST/home/peters/cam_repo/CPU_DDR_FIFO2_13_1/mb_plb_wrapper.ngc 1344007813
/DIST/home/peters/cam_repo/CPU_DDR_FIFO2_13_1/ilmb_wrapper.ngc 1344007813
/DIST/home/peters/cam_repo/CPU_DDR_FIFO2_13_1/dlmb_wrapper.ngc 1344007813
/DIST/home/peters/cam_repo/CPU_DDR_FIFO2_13_1/dlmb_cntlr_wrapper.ngc 1344007813
/DIST/home/peters/cam_repo/CPU_DDR_FIFO2_13_1/ilmb_cntlr_wrapper.ngc 1344007814
/DIST/home/peters/cam_repo/CPU_DDR_FIFO2_13_1/lmb_bram_wrapper.ngc 1344007813
/DIST/home/peters/cam_repo/CPU_DDR_FIFO2_13_1/leds_8bit_wrapper.ngc 1344007813
/DIST/home/peters/cam_repo/CPU_DDR_FIFO2_13_1/leds_positions_wrapper.ngc 1344007814
/DIST/home/peters/cam_repo/CPU_DDR_FIFO2_13_1/ddr2_sdram_wrapper.ngc 1344007814
/DIST/home/peters/cam_repo/CPU_DDR_FIFO2_13_1/xps_bram_if_cntlr_0_wrapper.ngc 1344007814
/DIST/home/peters/cam_repo/CPU_DDR_FIFO2_13_1/xps_timer_0_wrapper.ngc 1344007813
/DIST/home/peters/cam_repo/CPU_DDR_FIFO2_13_1/xps_bram_if_cntlr_0_block_wrapper.ngc 1344007814
/DIST/home/peters/cam_repo/CPU_DDR_FIFO2_13_1/clock_generator_0_wrapper.ngc 1344007814
/DIST/home/peters/cam_repo/CPU_DDR_FIFO2_13_1/mdm_0_wrapper.ngc 1344007813
/DIST/home/peters/cam_repo/CPU_DDR_FIFO2_13_1/proc_sys_reset_0_wrapper.ngc 1344007813
/DIST/home/peters/cam_repo/CPU_DDR_FIFO2_13_1/xps_intc_0_wrapper.ngc 1344007813
/DIST/home/peters/cam_repo/CPU_DDR_FIFO2_13_1/gpio_fifo_wrapper.ngc 1344007814
../FIFO/FIFO_ASYNCH/ipcore_dir/fifo_two_clock_domains.ngc 1343824439
OK
