V3 14
FL /DIST/home/peters/cam_repo/System_V1/FIFO_ASYNCH_embedded/FIFO_asynch_tl.vhd 2012/08/05.19:33:43 O.87xd
EN work/FIFO_asynch_tl 1344188038 \
      FL /DIST/home/peters/cam_repo/System_V1/FIFO_ASYNCH_embedded/FIFO_asynch_tl.vhd \
      PB ieee/std_logic_1164 1325952872 PB work/FIFO_CONST 1344188033
AR work/FIFO_asynch_tl/Behavioral 1344188039 \
      FL /DIST/home/peters/cam_repo/System_V1/FIFO_ASYNCH_embedded/FIFO_asynch_tl.vhd \
      EN work/FIFO_asynch_tl 1344188038 CP fifo_two_clock_domains CP edge_detector
FL /DIST/home/peters/cam_repo/System_V1/FIFO_ASYNCH_embedded/FIFO_CONST.vhd 2012/08/05.18:56:37 O.87xd
PH work/FIFO_CONST 1344188032 \
      FL /DIST/home/peters/cam_repo/System_V1/FIFO_ASYNCH_embedded/FIFO_CONST.vhd \
      PB ieee/std_logic_1164 1325952872
PB work/FIFO_CONST 1344188033 \
      FL /DIST/home/peters/cam_repo/System_V1/FIFO_ASYNCH_embedded/FIFO_CONST.vhd \
      PH work/FIFO_CONST 1344188032
FL /DIST/home/peters/cam_repo/System_V1/FIFO_ASYNCH_embedded/ipcore_dir/fifo_two_clock_domains.vhd 2012/08/05.19:23:16 O.87xd
EN work/fifo_two_clock_domains 1344188034 \
      FL /DIST/home/peters/cam_repo/System_V1/FIFO_ASYNCH_embedded/ipcore_dir/fifo_two_clock_domains.vhd \
      PB ieee/std_logic_1164 1325952872
AR work/fifo_two_clock_domains/fifo_two_clock_domains_a 1344188035 \
      FL /DIST/home/peters/cam_repo/System_V1/FIFO_ASYNCH_embedded/ipcore_dir/fifo_two_clock_domains.vhd \
      EN work/fifo_two_clock_domains 1344188034
FL /DIST/home/peters/cam_repo/System_V1/FIFO_ASYNCH_embedded/remote_sources/_/FIFO/edge_detector.vhd 2012/08/01.09:48:14 O.87xd
EN work/edge_detector 1344188036 \
      FL /DIST/home/peters/cam_repo/System_V1/FIFO_ASYNCH_embedded/remote_sources/_/FIFO/edge_detector.vhd \
      PB ieee/std_logic_1164 1325952872
AR work/edge_detector/Behavioral 1344188037 \
      FL /DIST/home/peters/cam_repo/System_V1/FIFO_ASYNCH_embedded/remote_sources/_/FIFO/edge_detector.vhd \
      EN work/edge_detector 1344188036
