PB fifo_const fifo_const /DIST/home/peters/cam_repo/System_DMA/FIFO_13_1_asynch/FIFO_CONST.vhd sub00/vhpl05 1345026509
AR system_tl behavioral /DIST/home/peters/cam_repo/System_DMA/System_dma_tl.vhd sub00/vhpl11 1345026515
EN fifo_13_1_asynch NULL /DIST/home/peters/cam_repo/System_DMA/FIFO_13_1_asynch/ipcore_dir/fifo_13_1_asynch.vhd sub00/vhpl00 1345026504
EN mb NULL /DIST/home/peters/cam_repo/System_DMA/MB/hdl/MB.vhd sub00/vhpl06 1345026510
PH fifo_const NULL /DIST/home/peters/cam_repo/System_DMA/FIFO_13_1_asynch/FIFO_CONST.vhd sub00/vhpl04 1345026508
AR edge_detector behavioral /DIST/home/peters/cam_repo/System_DMA/FIFO_13_1_asynch/edge_detector.vhd sub00/vhpl03 1345026507
EN system_tl NULL /DIST/home/peters/cam_repo/System_DMA/System_dma_tl.vhd sub00/vhpl10 1345026514
AR fifo_13_1_asynch fifo_13_1_asynch_a /DIST/home/peters/cam_repo/System_DMA/FIFO_13_1_asynch/ipcore_dir/fifo_13_1_asynch.vhd sub00/vhpl01 1345026505
EN fifo_asynch13_1_tl NULL /DIST/home/peters/cam_repo/System_DMA/FIFO_13_1_asynch/FIFO_asynch13_1_tl.vhd sub00/vhpl08 1345026512
AR mb structure /DIST/home/peters/cam_repo/System_DMA/MB/hdl/MB.vhd sub00/vhpl07 1345026511
AR fifo_asynch13_1_tl behavioral /DIST/home/peters/cam_repo/System_DMA/FIFO_13_1_asynch/FIFO_asynch13_1_tl.vhd sub00/vhpl09 1345026513
EN edge_detector NULL /DIST/home/peters/cam_repo/System_DMA/FIFO_13_1_asynch/edge_detector.vhd sub00/vhpl02 1345026506
