V3 44
FL /DIST/home/peters/cam_repo/System_DMA/FIFO_13_1_asynch/edge_detector.vhd 2012/08/01.09:48:14 O.40d
EN work/edge_detector 1345026506 \
      FL /DIST/home/peters/cam_repo/System_DMA/FIFO_13_1_asynch/edge_detector.vhd \
      PB ieee/std_logic_1164 1296775758
AR work/edge_detector/Behavioral 1345026507 \
      FL /DIST/home/peters/cam_repo/System_DMA/FIFO_13_1_asynch/edge_detector.vhd \
      EN work/edge_detector 1345026506
FL /DIST/home/peters/cam_repo/System_DMA/FIFO_13_1_asynch/FIFO_asynch13_1_tl.vhd 2012/08/14.17:23:29 O.40d
EN work/FIFO_asynch13_1_tl 1345026512 \
      FL /DIST/home/peters/cam_repo/System_DMA/FIFO_13_1_asynch/FIFO_asynch13_1_tl.vhd \
      PB ieee/std_logic_1164 1296775758
AR work/FIFO_asynch13_1_tl/Behavioral 1345026513 \
      FL /DIST/home/peters/cam_repo/System_DMA/FIFO_13_1_asynch/FIFO_asynch13_1_tl.vhd \
      EN work/FIFO_asynch13_1_tl 1345026512 CP fifo_13_1_asynch CP edge_detector
FL /DIST/home/peters/cam_repo/System_DMA/FIFO_13_1_asynch/FIFO_CONST.vhd 2012/08/14.16:07:38 O.40d
PH work/FIFO_CONST 1345026508 \
      FL /DIST/home/peters/cam_repo/System_DMA/FIFO_13_1_asynch/FIFO_CONST.vhd \
      PB ieee/std_logic_1164 1296775758
PB work/FIFO_CONST 1345026509 \
      FL /DIST/home/peters/cam_repo/System_DMA/FIFO_13_1_asynch/FIFO_CONST.vhd \
      PH work/FIFO_CONST 1345026508
FL /DIST/home/peters/cam_repo/System_DMA/FIFO_13_1_asynch/ipcore_dir/fifo_13_1_asynch.vhd 2012/08/14.14:30:31 O.40d
EN work/fifo_13_1_asynch 1345026504 \
      FL /DIST/home/peters/cam_repo/System_DMA/FIFO_13_1_asynch/ipcore_dir/fifo_13_1_asynch.vhd \
      PB ieee/std_logic_1164 1296775758
AR work/fifo_13_1_asynch/fifo_13_1_asynch_a 1345026505 \
      FL /DIST/home/peters/cam_repo/System_DMA/FIFO_13_1_asynch/ipcore_dir/fifo_13_1_asynch.vhd \
      EN work/fifo_13_1_asynch 1345026504
FL /DIST/home/peters/cam_repo/System_DMA/MB/hdl/MB.vhd 2012/08/14.18:40:27 O.40d
EN work/MB 1345026510 FL /DIST/home/peters/cam_repo/System_DMA/MB/hdl/MB.vhd \
      PB ieee/std_logic_1164 1296775758 LB UNISIM PH unisim/VCOMPONENTS 1296775759
AR work/MB/STRUCTURE 1345026511 \
      FL /DIST/home/peters/cam_repo/System_DMA/MB/hdl/MB.vhd EN work/MB 1345026510 \
      CP microblaze_0_wrapper CP mb_plb_wrapper CP ilmb_wrapper CP dlmb_wrapper \
      CP dlmb_cntlr_wrapper CP ilmb_cntlr_wrapper CP lmb_bram_wrapper \
      CP push_buttons_5bit_wrapper CP ddr2_sdram_wrapper CP xps_timer_0_wrapper \
      CP xps_bram_if_cntlr_0_wrapper CP xps_bram_if_cntlr_0_block_wrapper \
      CP clock_generator_0_wrapper CP mdm_0_wrapper CP proc_sys_reset_0_wrapper \
      CP gpio_fifo_wrapper CP xps_intc_0_wrapper CP xps_fifo_cam_data_wrapper \
      CP xps_central_dma_0_wrapper CP xps_epc_0_wrapper
FL /DIST/home/peters/cam_repo/System_DMA/MB/__xps/MB.vhd 2012/08/14.18:39:13 O.40d
FL /DIST/home/peters/cam_repo/System_DMA/System_dma_tl.vhd 2012/08/15.12:28:17 O.40d
EN work/System_tl 1345026514 \
      FL /DIST/home/peters/cam_repo/System_DMA/System_dma_tl.vhd \
      PB ieee/std_logic_1164 1296775758 PB work/FIFO_CONST 1345026509
AR work/System_tl/Behavioral 1345026515 \
      FL /DIST/home/peters/cam_repo/System_DMA/System_dma_tl.vhd \
      EN work/System_tl 1345026514 CP MB CP FIFO_asynch13_1_tl
