AR plb_address_decoder imp /DIST/it/sw/amd64/xilinx/13.1/ISE_DS/EDK/hw/XilinxProcessorIPLib/pcores/plbv46_slave_single_v1_01_a/hdl/vhdl/plb_address_decoder.vhd sub00/vhpl01 1343924676
EN plbv46_slave_single NULL /DIST/it/sw/amd64/xilinx/13.1/ISE_DS/EDK/hw/XilinxProcessorIPLib/pcores/plbv46_slave_single_v1_01_a/hdl/vhdl/plbv46_slave_single.vhd sub00/vhpl04 1343924679
AR plbv46_slave_single implementation /DIST/it/sw/amd64/xilinx/13.1/ISE_DS/EDK/hw/XilinxProcessorIPLib/pcores/plbv46_slave_single_v1_01_a/hdl/vhdl/plbv46_slave_single.vhd sub00/vhpl05 1343924680
AR plb_slave_attachment implementation /DIST/it/sw/amd64/xilinx/13.1/ISE_DS/EDK/hw/XilinxProcessorIPLib/pcores/plbv46_slave_single_v1_01_a/hdl/vhdl/plb_slave_attachment.vhd sub00/vhpl03 1343924678
EN plb_address_decoder NULL /DIST/it/sw/amd64/xilinx/13.1/ISE_DS/EDK/hw/XilinxProcessorIPLib/pcores/plbv46_slave_single_v1_01_a/hdl/vhdl/plb_address_decoder.vhd sub00/vhpl00 1343924675
EN plb_slave_attachment NULL /DIST/it/sw/amd64/xilinx/13.1/ISE_DS/EDK/hw/XilinxProcessorIPLib/pcores/plbv46_slave_single_v1_01_a/hdl/vhdl/plb_slave_attachment.vhd sub00/vhpl02 1343924677
