EN fifo_13_1_asynch NULL /DIST/home/peters/cam_repo/System_V1/FIFO_13_1_asynch/ipcore_dir/fifo_13_1_asynch.vhd sub00/vhpl00 1344269311
AR edge_detector behavioral /DIST/home/peters/cam_repo/System_V1/FIFO_13_1_asynch/edge_detector.vhd sub00/vhpl03 1344269314
AR fifo_13_1_asynch fifo_13_1_asynch_a /DIST/home/peters/cam_repo/System_V1/FIFO_13_1_asynch/ipcore_dir/fifo_13_1_asynch.vhd sub00/vhpl01 1344269312
EN fifo_asynch13_1_tl NULL /DIST/home/peters/cam_repo/System_V1/FIFO_13_1_asynch/FIFO_asynch13_1_tl.vhd sub00/vhpl04 1344269315
AR fifo_asynch13_1_tl behavioral /DIST/home/peters/cam_repo/System_V1/FIFO_13_1_asynch/FIFO_asynch13_1_tl.vhd sub00/vhpl05 1344269316
EN edge_detector NULL /DIST/home/peters/cam_repo/System_V1/FIFO_13_1_asynch/edge_detector.vhd sub00/vhpl02 1344269313
