V3 13
FL /DIST/home/peters/cam_repo/System_V1/FIFO_13_1_asynch/edge_detector.vhd 2012/08/01.09:48:14 O.40d
EN work/edge_detector 1344952807 \
      FL /DIST/home/peters/cam_repo/System_V1/FIFO_13_1_asynch/edge_detector.vhd \
      PB ieee/std_logic_1164 1296775758
AR work/edge_detector/Behavioral 1344952808 \
      FL /DIST/home/peters/cam_repo/System_V1/FIFO_13_1_asynch/edge_detector.vhd \
      EN work/edge_detector 1344952807
FL /DIST/home/peters/cam_repo/System_V1/FIFO_13_1_asynch/FIFO_asynch13_1_tl.vhd 2012/08/14.15:06:34 O.40d
EN work/FIFO_asynch13_1_tl 1344952809 \
      FL /DIST/home/peters/cam_repo/System_V1/FIFO_13_1_asynch/FIFO_asynch13_1_tl.vhd \
      PB ieee/std_logic_1164 1296775758
AR work/FIFO_asynch13_1_tl/Behavioral 1344952810 \
      FL /DIST/home/peters/cam_repo/System_V1/FIFO_13_1_asynch/FIFO_asynch13_1_tl.vhd \
      EN work/FIFO_asynch13_1_tl 1344952809 CP fifo_13_1_asynch CP edge_detector
FL /DIST/home/peters/cam_repo/System_V1/FIFO_13_1_asynch/ipcore_dir/fifo_13_1_asynch.vhd 2012/08/14.14:30:31 O.40d
EN work/fifo_13_1_asynch 1344952805 \
      FL /DIST/home/peters/cam_repo/System_V1/FIFO_13_1_asynch/ipcore_dir/fifo_13_1_asynch.vhd \
      PB ieee/std_logic_1164 1296775758
AR work/fifo_13_1_asynch/fifo_13_1_asynch_a 1344952806 \
      FL /DIST/home/peters/cam_repo/System_V1/FIFO_13_1_asynch/ipcore_dir/fifo_13_1_asynch.vhd \
      EN work/fifo_13_1_asynch 1344952805
