V3 13
FL /DIST/home/peters/cam_repo/System_V1/FIFO_13_1_asynch/edge_detector.vhd 2012/08/01.09:48:14 O.40d
EN work/edge_detector 1344269313 \
      FL /DIST/home/peters/cam_repo/System_V1/FIFO_13_1_asynch/edge_detector.vhd \
      PB ieee/std_logic_1164 1296775758
AR work/edge_detector/Behavioral 1344269314 \
      FL /DIST/home/peters/cam_repo/System_V1/FIFO_13_1_asynch/edge_detector.vhd \
      EN work/edge_detector 1344269313
FL /DIST/home/peters/cam_repo/System_V1/FIFO_13_1_asynch/FIFO_asynch13_1_tl.vhd 2012/08/06.18:08:23 O.40d
AR work/FIFO_asynch_tl/Behavioral 0 \
      FL /DIST/home/peters/cam_repo/System_V1/FIFO_13_1_asynch/FIFO_asynch13_1_tl.vhd \
      EN work/FIFO_asynch_tl 0 CP fifo_13_1_asynch CP edge_detector
EN work/FIFO_asynch13_1_tl 1344269315 \
      FL /DIST/home/peters/cam_repo/System_V1/FIFO_13_1_asynch/FIFO_asynch13_1_tl.vhd \
      PB ieee/std_logic_1164 1296775758
AR work/FIFO_asynch13_1_tl/Behavioral 1344269316 \
      FL /DIST/home/peters/cam_repo/System_V1/FIFO_13_1_asynch/FIFO_asynch13_1_tl.vhd \
      EN work/FIFO_asynch13_1_tl 1344269315 CP fifo_13_1_asynch CP edge_detector
FL /DIST/home/peters/cam_repo/System_V1/FIFO_13_1_asynch/ipcore_dir/fifo_13_1_asynch.vhd 2012/08/06.17:48:55 O.40d
EN work/fifo_13_1_asynch 1344269311 \
      FL /DIST/home/peters/cam_repo/System_V1/FIFO_13_1_asynch/ipcore_dir/fifo_13_1_asynch.vhd \
      PB ieee/std_logic_1164 1296775758
AR work/fifo_13_1_asynch/fifo_13_1_asynch_a 1344269312 \
      FL /DIST/home/peters/cam_repo/System_V1/FIFO_13_1_asynch/ipcore_dir/fifo_13_1_asynch.vhd \
      EN work/fifo_13_1_asynch 1344269311
